// Jest Snapshot v1, https://goo.gl/fbAQLP

exports[`SubItem should be active 1`] = `
<Component
  active={true}
  name="Test Name"
>
  <li
    className="active"
    onClick={[Function]}
    role="menuitem"
  >
    <p />
    <style
      jsx={true}
    >
      
        * {
          font-family: PT Serif;
        }
        li {
          display: flex;
          align-items: left;
          text-align:left;
          color: black;
          font-size: 14px;
          font-weight: bold;
        }
        p {
          margin-left: 1.6em;
        }
        .active {
          color: #006298;
        }
      
    </style>
  </li>
</Component>
`;
